ASSESSMENT DONE
PS C:\Users\soumi\OneDrive\Desktop\git> git init
Reinitialized existing Git repository in C:/Users/soumi/OneDrive/Desktop/git/.git/
PS C:\Users\soumi\OneDrive\Desktop\git> git add .
PS C:\Users\soumi\OneDrive\Desktop\git> git git commit -m "Initial commit"
>> 
git: 'git' is not a git command. See 'git --help'.

The most similar command is
        init
PS C:\Users\soumi\OneDrive\Desktop\git> git commit -m "initial commit"
HEAD detached at a105bc3
nothing to commit, working tree clean
PS C:\Users\soumi\OneDrive\Desktop\git> git remote add origin https://github.com/Soumitha21/newrepo
error: remote origin already exists.
PS C:\Users\soumi\OneDrive\Desktop\git> git remote -v
origin  https://github.com/Soumitha21/newrepo (fetch)
origin  https://github.com/Soumitha21/newrepo (push)
PS C:\Users\soumi\OneDrive\Desktop\git> git push -u origin main
error: src refspec main does not match any
error: failed to push some refs to 'https://github.com/Soumitha21/newrepo'
PS C:\Users\soumi\OneDrive\Desktop\git> git push -u origin main -f
error: src refspec main does not match any
error: failed to push some refs to 'https://github.com/Soumitha21/newrepo'
PS C:\Users\soumi\OneDrive\Desktop\git> git push -u origin master 
info: please complete authentication in your browser...
Enumerating objects: 3, done.
Counting objects: 100% (3/3), done.
Delta compression using up to 8 threads
Compressing objects: 100% (2/2), done.
Writing objects: 100% (3/3), 261 bytes | 65.00 KiB/s, done.
Total 3 (delta 0), reused 0 (delta 0), pack-reused 0 (from 0)
remote: 
remote: Create a pull request for 'master' on GitHub by visiting:
remote:      https://github.com/Soumitha21/newrepo/pull/new/master
remote:
To https://github.com/Soumitha21/newrepo
 * [new branch]      master -> master
branch 'master' set up to track 'origin/master'.
PS C:\Users\soumi\OneDrive\Desktop\git> git clone https://github.com/Soumitha21/newrepo
Cloning into 'newrepo'...
remote: Enumerating objects: 6, done.
remote: Counting objects: 100% (6/6), done.
remote: Compressing objects: 100% (3/3), done.
remote: Total 6 (delta 0), reused 3 (delta 0), pack-reused 0 (from 0)
Receiving objects: 100% (6/6), done.
PS C:\Users\soumi\OneDrive\Desktop\git> git checkout -b feature-branch
Switched to a new branch 'feature-branch'
PS C:\Users\soumi\OneDrive\Desktop\git> git checkout master
Switched to branch 'master'
Your branch is up to date with 'origin/master'.
PS C:\Users\soumi\OneDrive\Desktop\git> git merge feature-branch
Already up to date.
PS C:\Users\soumi\OneDrive\Desktop\git>
